Downloading https://services.gradle.org/distributions/gradle-8.8-bin.zip
.............10%.............20%.............30%.............40%.............50%.............60%..............70%.............80%.............90%.............100%

Welcome to Gradle 8.8!

Here are the highlights of this release:
 - Running Gradle on Java 22
 - Configurable Gradle daemon JVM
 - Improved IDE performance for large projects

For more details see https://docs.gradle.org/8.8/release-notes.html

Starting a Gradle Daemon (subsequent builds will be faster)

FAILURE: Build failed with an exception.

* Where:
Build file '/app/build.gradle' line: 19

* What went wrong:
Plugin [id: 'net.neoforged.moddev', version: '2.0.74-beta'] was not found in any of the following sources:

- Gradle Core Plugins (plugin is not in 'org.gradle' namespace)
- Included Builds (No included builds contain this plugin)
- Plugin Repositories (could not resolve plugin artifact 'net.neoforged.moddev:net.neoforged.moddev.gradle.plugin:2.0.74-beta')
  Searched in the following repositories:
    maven(https://maven.neoforged.net/releases)
    Gradle Central Plugin Repository

* Try:
> Run with --stacktrace option to get the stack trace.
> Run with --info or --debug option to get more log output.
> Run with --scan to get full insights.
> Get more help at https://help.gradle.org.

BUILD FAILED in 22s
